abc@DESKTOP-QGPRS4I MINGW64 /d/Angular Projects/Angular-app
$ git init
Initialized empty Git repository in D:/Angular Projects/Angular-app/.git/

abc@DESKTOP-QGPRS4I MINGW64 /d/Angular Projects/Angular-app (master)
$ git remote add origin "https://github.com/DeshmukhParag/git-github.git"

abc@DESKTOP-QGPRS4I MINGW64 /d/Angular Projects/Angular-app (master)
$ git pull origin master
remote: Enumerating objects: 6, done.
remote: Counting objects: 100% (6/6), done.
remote: Compressing objects: 100% (2/2), done.
remote: Total 6 (delta 0), reused 0 (delta 0), pack-reused 0
Unpacking objects: 100% (6/6), 1.20 KiB | 49.00 KiB/s, done.
From https://github.com/DeshmukhParag/git-github
 * branch            master     -> FETCH_HEAD
 * [new branch]      master     -> origin/master

abc@DESKTOP-QGPRS4I MINGW64 /d/Angular Projects/Angular-app (master)
$ git status
On branch master
Untracked files:
  (use "git add <file>..." to include in what will be committed)
        testfile.txt

nothing added to commit but untracked files present (use "git add" to track)

abc@DESKTOP-QGPRS4I MINGW64 /d/Angular Projects/Angular-app (master)
$ git add testfile.txt

abc@DESKTOP-QGPRS4I MINGW64 /d/Angular Projects/Angular-app (master)
$ git status
On branch master
Changes to be committed:
  (use "git restore --staged <file>..." to unstage)
        new file:   testfile.txt


abc@DESKTOP-QGPRS4I MINGW64 /d/Angular Projects/Angular-app (master)
$ git commit -m "adding first commit in local repo"
[master c0cc28e] adding first commit in local repo
 1 file changed, 0 insertions(+), 0 deletions(-)
 create mode 100644 testfile.txt

abc@DESKTOP-QGPRS4I MINGW64 /d/Angular Projects/Angular-app (master)
$ git status
On branch master
Untracked files:
  (use "git add <file>..." to include in what will be committed)
        file2.txt
        file3.txt

nothing added to commit but untracked files present (use "git add" to track)

abc@DESKTOP-QGPRS4I MINGW64 /d/Angular Projects/Angular-app (master)
$
